Microchip Technology Inc, v2.10 (B)

Tool Name:
  c:\program files\microchip\xc16\v2.10\bin\bin\..\bin/elf-ld.exe

Command:
  -TC:\\Users\\ndr24\\AppData\\Local\\Temp\\tmp00000328.00 \
  -TC:\\Users\\ndr24\\AppData\\Local\\Temp\\tmp00000328.01 \
  -TC:\\Users\\ndr24\\AppData\\Local\\Temp\\tmp00000328.02 \
  -TC:\\Users\\ndr24\\AppData\\Local\\Temp\\tmp00000328.03 \
  -TC:\\Users\\ndr24\\AppData\\Local\\Temp\\tmp00000328.04 \
  -p24FJ128GA010 \
  --mdfp=C:/Program Files/Microchip/MPLABX/v6.20/packs/Microchip/PIC24F-GA-GB_DFP/1.9.336/xc16 \
  -o \
  dist/default/debug/SecuritySystem1.0.X.debug.elf \
  -Lc:/program files/microchip/xc16/v2.10/bin/bin/.. \
  -LC:/Program Files/Microchip/MPLABX/v6.20/packs/Microchip/PIC24F-GA-GB_DFP/1.9.336/xc16/bin/../support/PIC24F/gld \
  -Lc:/program files/microchip/xc16/v2.10/bin/bin/../../lib \
  -Lc:/program files/microchip/xc16/v2.10/bin/bin/../../support/PIC24E/gld \
  -Lc:/program files/microchip/xc16/v2.10/bin/bin/../../support/PIC24F/gld \
  -Lc:/program files/microchip/xc16/v2.10/bin/bin/../../support/PIC24H/gld \
  -Lc:/program files/microchip/xc16/v2.10/bin/bin/../../support/dsPIC30F/gld \
  -Lc:/program files/microchip/xc16/v2.10/bin/bin/../../support/dsPIC33C/gld \
  -Lc:/program files/microchip/xc16/v2.10/bin/bin/../../support/dsPIC33E/gld \
  -Lc:/program files/microchip/xc16/v2.10/bin/bin/../../support/dsPIC33F/gld \
  build/default/debug/mcc_generated_files/drivers/uart.o \
  build/default/debug/mcc_generated_files/drivers/i2c_simple_master.o \
  build/default/debug/mcc_generated_files/drivers/i2c_types.o \
  build/default/debug/mcc_generated_files/drivers/i2c_master.o \
  build/default/debug/mcc_generated_files/examples/uart_example.o \
  build/default/debug/mcc_generated_files/clock.o \
  build/default/debug/mcc_generated_files/system.o \
  build/default/debug/mcc_generated_files/pin_manager.o \
  build/default/debug/mcc_generated_files/mcc.o \
  build/default/debug/mcc_generated_files/interrupt_manager.o \
  build/default/debug/mcc_generated_files/traps.o \
  build/default/debug/mcc_generated_files/where_was_i.o \
  build/default/debug/mcc_generated_files/tmr1.o \
  build/default/debug/mcc_generated_files/uart1.o \
  build/default/debug/mcc_generated_files/i2c1_driver.o \
  build/default/debug/mcc_generated_files/tmr3.o \
  build/default/debug/mcc_generated_files/oc4.o \
  build/default/debug/mcc_generated_files/oc1.o \
  build/default/debug/mcc_generated_files/tmr2.o \
  build/default/debug/main.o \
  --defsym=__MPLAB_BUILD=1 \
  --defsym=__MPLAB_DEBUG=1 \
  --defsym=__DEBUG=1 \
  --defsym=__MPLAB_DEBUGGER_PK3=1 \
  -Tp24FJ128GA010.gld.05 \
  --stack=16 \
  --check-sections \
  --data-init \
  --pack-data \
  --handles \
  --isr \
  --no-gc-sections \
  --fill-upper=0 \
  --stackguard=16 \
  --no-force-link \
  --smart-io \
  -Map=dist/default/debug/SecuritySystem1.0.X.debug.map \
  --report-mem \
  --memorysummary \
  dist/default/debug/memoryfile.xml \
  -start-group \
  --library=c99-pic30-elf \
  --library=m-elf \
  --library=c99-elf \
  -end-group \


Optional library libpPIC24Fxxx.a not found
Archive member included because of file (symbol)

c:/program files/microchip/xc16/v2.10/bin/bin/../../lib\libc99-pic30-elf.a(crt0_standard.o)
                              (__resetPRI)
c:/program files/microchip/xc16/v2.10/bin/bin/../../lib\libc99-pic30-elf.a(data_init_standard.o)
                              c:/program files/microchip/xc16/v2.10/bin/bin/../../lib\libc99-pic30-elf.a(crt0_standard.o) (__data_init_standard)
c:/program files/microchip/xc16/v2.10/bin/bin/../../lib\libc99-pic30-elf.a(crt_start_mode_normal.Meo)
                              (__crt_start_mode_normal)
c:/program files/microchip/xc16/v2.10/bin/bin/../../lib\libc99-pic30-elf.a(delay32.Meo)
                              build/default/debug/mcc_generated_files/i2c1_driver.o (___delay32)
c:/program files/microchip/xc16/v2.10/bin/bin/../../lib\libc99-elf.a(__sio_printf_0.XX_o)
                              build/default/debug/mcc_generated_files/examples/uart_example.o (__printf_0)
c:/program files/microchip/xc16/v2.10/bin/bin/../../lib\libc99-elf.a(memset.XX_o)
                              build/default/debug/mcc_generated_files/examples/uart_example.o (_memset)
c:/program files/microchip/xc16/v2.10/bin/bin/../../lib\libc99-elf.a(putchar.XX_o)
                              build/default/debug/mcc_generated_files/examples/uart_example.o (_putchar)
c:/program files/microchip/xc16/v2.10/bin/bin/../../lib\libc99-elf.a(stdout.XX_o)
                              c:/program files/microchip/xc16/v2.10/bin/bin/../../lib\libc99-elf.a(__sio_printf_0.XX_o) (__stdout)
c:/program files/microchip/xc16/v2.10/bin/bin/../../lib\libc99-elf.a(__fmt_s.XX_o)
                              c:/program files/microchip/xc16/v2.10/bin/bin/../../lib\libc99-elf.a(__sio_printf_0.XX_o) (___fmt_0_needed)
c:/program files/microchip/xc16/v2.10/bin/bin/../../lib\libc99-elf.a(__int_vfprintf.XX_o)
[...]
Memory Configuration

Name             Origin             Length             Attributes
data             0x000800           0x002000           a !xr
reset            0x000000           0x000004  
ivt              0x000004           0x0000fc  
_reserved        0x000100           0x000004  
aivt             0x000104           0x0000fc  
program          0x000200           0x0155fc           xr
CONFIG2          0x0157fc           0x000002  
CONFIG1          0x0157fe           0x000002  
*default*        0x000000           0xffffffff  

Linker script and memory map


reserve_data_0x800
                    0x0800         0x20
                    0x0820                  . = 0x20
 *fill*             0x0800         0x2000

reserve_data_0x820
                    0x0820          0x2
                    0x0822                  . = 0x2
 *fill*             0x0820          0x200

reserve_data_0x822
                    0x0822          0x2
                    0x0824                  . = 0x2
 *fill*             0x0822          0x200

reserve_data_0x824
                    0x0824          0x2
                    0x0826                  . = 0x2
 *fill*             0x0824          0x200

reserve_data_0x826
                    0x0826         0x2a
                    0x0850                  . = 0x2a
 *fill*             0x0826         0x2a00
LOAD build/default/debug/mcc_generated_files/drivers/uart.o
LOAD build/default/debug/mcc_generated_files/drivers/i2c_simple_master.o
LOAD build/default/debug/mcc_generated_files/drivers/i2c_types.o
LOAD build/default/debug/mcc_generated_files/drivers/i2c_master.o
LOAD build/default/debug/mcc_generated_files/examples/uart_example.o
LOAD build/default/debug/mcc_generated_files/clock.o
LOAD build/default/debug/mcc_generated_files/system.o
LOAD build/default/debug/mcc_generated_files/pin_manager.o
LOAD build/default/debug/mcc_generated_files/mcc.o
LOAD build/default/debug/mcc_generated_files/interrupt_manager.o
LOAD build/default/debug/mcc_generated_files/traps.o
LOAD build/default/debug/mcc_generated_files/where_was_i.o
LOAD build/default/debug/mcc_generated_files/tmr1.o
LOAD build/default/debug/mcc_generated_files/uart1.o
LOAD build/default/debug/mcc_generated_files/i2c1_driver.o
LOAD build/default/debug/mcc_generated_files/tmr3.o
LOAD build/default/debug/mcc_generated_files/oc4.o
LOAD build/default/debug/mcc_generated_files/oc1.o
LOAD build/default/debug/mcc_generated_files/tmr2.o
LOAD build/default/debug/main.o
                    0x0001                  __MPLAB_BUILD = 0x1
                    0x0001                  __MPLAB_DEBUG = 0x1
                    0x0001                  __DEBUG = 0x1
                    0x0001                  __MPLAB_DEBUGGER_PK3 = 0x1
LOAD pPIC24Fxxx
LOAD c:/program files/microchip/xc16/v2.10/bin/bin/../../lib\libfx-elf.a
                    0x157fc                  __CONFIG2 = 0x157fc
                    0x157fe                  __CONFIG1 = 0x157fe
                    0x0200                  __CODE_BASE = 0x200
                    0x155fc                  __CODE_LENGTH = 0x155fc
                    0x0004                  __IVT_BASE = 0x4
                    0x0104                  __AIVT_BASE = 0x104
                    0x0800                  __DATA_BASE = 0x800
                    0x2000                  __DATA_LENGTH = 0x2000

.reset            0x000000          0x4
                  0x000000          0x2 SHORT 0x200 ABSOLUTE (__reset)
                  0x000001          0x2 SHORT 0x4
                  0x000002          0x2 SHORT 0x0 ((ABSOLUTE (__reset) >> 0x10) & 0x7f)
                  0x000003          0x2 SHORT 0x0

.text             0x000200        0xd2c
 *(.init)
 .init            0x000200         0x4c c:/program files/microchip/xc16/v2.10/bin/bin/../../lib\libc99-pic30-elf.a(crt0_standard.o)
                  0x000200                  __resetPRI
                  0x000200                  __reset
                  0x00023c                  __psv_init
 .init            0x00024c         0x7c c:/program files/microchip/xc16/v2.10/bin/bin/../../lib\libc99-pic30-elf.a(data_init_standard.o)
                  0x000252                  __data_init_standard
                  0x000252                  __data_init
 *(.user_init)
 *(.handle)
 .handle          0x0002c8         0xa8 jump_table
 *(.isr*)
 .isr.text        0x000370         0x82 build/default/debug/mcc_generated_files/traps.o
                  0x000370                  __OscillatorFail
                  0x000390                  __StackError
                  0x0003b2                  __AddressError
                  0x0003d2                  __MathError
 .isr.text        0x0003f2         0x36 build/default/debug/mcc_generated_files/tmr1.o
                  0x0003f2                  __T1Interrupt
 .isr.text        0x000428         0xd8 build/default/debug/mcc_generated_files/uart1.o
                  0x000428                  __U1TXInterrupt
                  0x000484                  __U1RXInterrupt
                  0x0004ea                  __U1ErrInterrupt
 .isr.text        0x000500         0x3c build/default/debug/mcc_generated_files/i2c1_driver.o
                  0x000500                  __MI2C1Interrupt
                  0x00051e                  __SI2C1Interrupt
 .isr.text        0x00053c         0x36 build/default/debug/mcc_generated_files/tmr3.o
                  0x00053c                  __T3Interrupt
 .isr.text        0x000572         0x36 build/default/debug/mcc_generated_files/tmr2.o
                  0x000572                  __T2Interrupt
 .isr             0x0005a8          0x4 default_isr
                  0x0005a8                  __DefaultInterrupt
 *(.libc)
 .libc            0x0005ac         0x12 c:/program files/microchip/xc16/v2.10/bin/bin/../../lib\libc99-pic30-elf.a(close.Meo)
                  0x0005ac                  _close
 .libc            0x0005be         0x84 c:/program files/microchip/xc16/v2.10/bin/bin/../../lib\libc99-pic30-elf.a(write.Meo)
                  0x0005be                  _write
 *(.libm)
 *(.libdsp)
 *(.lib*)
 .libpic30_crt_start_mode
                  0x000642          0x2 c:/program files/microchip/xc16/v2.10/bin/bin/../../lib\libc99-pic30-elf.a(crt_start_mode_normal.Meo)
                  0x000642                  __crt_start_mode
                  0x000642                  __crt_start_mode_normal
 .libc.__wrap_printf
                  0x000644         0x10 c:/program files/microchip/xc16/v2.10/bin/bin/../../lib\libc99-elf.a(__sio_printf_0.XX_o)
                  0x000644                  __printf_0
                  0x000644                  __dprintf_0
 .libc.__sio_printf_0
                  0x000654          0x2 c:/program files/microchip/xc16/v2.10/bin/bin/../../lib\libc99-elf.a(__sio_printf_0.XX_o)
                  0x000654                  ___sio_printf_0
 .libc.memset     0x000656         0xc8 c:/program files/microchip/xc16/v2.10/bin/bin/../../lib\libc99-elf.a(memset.XX_o)
                  0x000656                  _memset
 .libc.putchar    0x00071e          0x6 c:/program files/microchip/xc16/v2.10/bin/bin/../../lib\libc99-elf.a(putchar.XX_o)
                  0x00071e                  _putchar
 .libc.__dummy0
                  0x000724          0x2 c:/program files/microchip/xc16/v2.10/bin/bin/../../lib\libc99-elf.a(stdout.XX_o)
                  0x000724                  ___stdio_seek
 .libc.__dummy    0x000726          0x4 c:/program files/microchip/xc16/v2.10/bin/bin/../../lib\libc99-elf.a(stdout.XX_o)
                  0x000726                  ___get_stdout
 .libc.__init_stdout
                  0x00072a          0x8 c:/program files/microchip/xc16/v2.10/bin/bin/../../lib\libc99-elf.a(stdout.XX_o)
                  0x00072a                  ___init_stdout
 .libc.__fmt_s    0x000732         0x54 c:/program files/microchip/xc16/v2.10/bin/bin/../../lib\libc99-elf.a(__fmt_s.XX_o)
                  0x000732                  ___fmt_0_needed
                  0x000732                  ___fmt_s_needed
                  0x000732                  ___fmt_s
 .libc.__vfprintf
                  0x000786         0x1c c:/program files/microchip/xc16/v2.10/bin/bin/../../lib\libc99-elf.a(__int_vfprintf.XX_o)
                  0x000786                  ___vfprintf
 .libc.__string_out
                  0x0007a2         0x26 c:/program files/microchip/xc16/v2.10/bin/bin/../../lib\libc99-elf.a(__out.XX_o)
 .libc.__fwrite_min
                  0x0007c8          0x4 c:/program files/microchip/xc16/v2.10/bin/bin/../../lib\libc99-elf.a(__out.XX_o)
                  0x0007c8                  ___fwrite
                  0x0007c8                  ___stdio_write
                  0x0007c8                  ___stdio_write_unbuffered
 .libc.__out      0x0007cc         0x10 c:/program files/microchip/xc16/v2.10/bin/bin/../../lib\libc99-elf.a(__out.XX_o)
                  0x0007cc                  ___out_needed
                  0x0007cc                  ___out
 .libc.__string_out
                  0x0007dc         0x26 c:/program files/microchip/xc16/v2.10/bin/bin/../../lib\libc99-elf.a(__printf_core.XX_o)
 .libc.__pad      0x000802         0x74 c:/program files/microchip/xc16/v2.10/bin/bin/../../lib\libc99-elf.a(__printf_core.XX_o)
                  0x000802                  ___pad
 .libc.__dummy_fmt3
                  0x000876          0x2 c:/program files/microchip/xc16/v2.10/bin/bin/../../lib\libc99-elf.a(__printf_core.XX_o)
                  0x000876                  ___fmt_u
                  0x000876                  ___fmt_o
                  0x000876                  ___fmt_d
 .libc.__dummy_fmt4
                  0x000878          0x2 c:/program files/microchip/xc16/v2.10/bin/bin/../../lib\libc99-elf.a(__printf_core.XX_o)
                  0x000878                  ___fmt_a
                  0x000878                  ___fmt_fp
                  0x000878                  ___fmt_x
 .libc.__dummy_fmts
                  0x00087a          0x2 c:/program files/microchip/xc16/v2.10/bin/bin/../../lib\libc99-elf.a(__printf_core.XX_o)
 .libc.__fmt_state
                  0x00087c         0x2c c:/program files/microchip/xc16/v2.10/bin/bin/../../lib\libc99-elf.a(__printf_core.XX_o)
                  0x00087c                  ___fmt_state
 .libc.vfpfcnvrt.clone.0
                  0x0008a8        0x2d8 c:/program files/microchip/xc16/v2.10/bin/bin/../../lib\libc99-elf.a(__printf_core.XX_o)
 .libc.__printf_core
                  0x000b80         0x40 c:/program files/microchip/xc16/v2.10/bin/bin/../../lib\libc99-elf.a(__printf_core.XX_o)
                  0x000b80                  ___printf_core
 .libc.__stdio_close
                  0x000bc0         0x3e c:/program files/microchip/xc16/v2.10/bin/bin/../../lib\libc99-elf.a(__stdio_close.XX_o)
                  0x000bc0                  ___stdio_close
 .libc.__stdio_close_rw
                  0x000bfe         0x58 c:/program files/microchip/xc16/v2.10/bin/bin/../../lib\libc99-elf.a(__stdio_close.XX_o)
                  0x000bfe                  ___stdio_close_rw
 .libc.__isspace
                  0x000c56         0x14 c:/program files/microchip/xc16/v2.10/bin/bin/../../lib\libc99-elf.a(atoi.XX_o)
 .libc.atoi       0x000c6a         0x4c c:/program files/microchip/xc16/v2.10/bin/bin/../../lib\libc99-elf.a(atoi.XX_o)
                  0x000c6a                  _atoi
 .libc.__lseek    0x000cb6          0xc c:/program files/microchip/xc16/v2.10/bin/bin/../../lib\libc99-elf.a(lseek.XX_o)
                  0x000cb6                  _lseek
                  0x000cb6                  ___lseek
 .libc.memcpy     0x000cc2          0xe c:/program files/microchip/xc16/v2.10/bin/bin/../../lib\libc99-elf.a(memcpy.XX_o)
                  0x000cc2                  _memcpy
 .libc.__putc_unbuffered
                  0x000cd0         0x2e c:/program files/microchip/xc16/v2.10/bin/bin/../../lib\libc99-elf.a(putc.XX_o)
                  0x000cd0                  ___putc
                  0x000cd0                  ___putc_unbuffered
 .libc.putc       0x000cfe          0x2 c:/program files/microchip/xc16/v2.10/bin/bin/../../lib\libc99-elf.a(putc.XX_o)
                  0x000cfe                  _putc
                  0x000cfe                  _fputc
                  0x000cfe                  _putc_unlocked
                  0x000cfe                  __IO_putc
 .libc.strlen     0x000d00         0x30 c:/program files/microchip/xc16/v2.10/bin/bin/../../lib\libc99-elf.a(strlen.XX_o)
                  0x000d00                  _strlen
 .libc.__syscall_ret
                  0x000d30         0x14 c:/program files/microchip/xc16/v2.10/bin/bin/../../lib\libc99-elf.a(syscall_ret.XX_o)
                  0x000d30                  ___syscall_ret
 .libc.tolower    0x000d44          0xc c:/program files/microchip/xc16/v2.10/bin/bin/../../lib\libc99-elf.a(tolower.XX_o)
                  0x000d44                  _tolower
 .libc.__tolower_l
                  0x000d50          0x2 c:/program files/microchip/xc16/v2.10/bin/bin/../../lib\libc99-elf.a(tolower.XX_o)
                  0x000d50                  ___tolower_l
                  0x000d50                  _tolower_l
 .libc.__dummy    0x000d52          0x2 c:/program files/microchip/xc16/v2.10/bin/bin/../../lib\libc99-elf.a(__init_stdio.XX_o)
                  0x000d52                  ___init_stderr
                  0x000d52                  ___init_stdin
 .libc.__init_stdio
                  0x000d54          0x6 c:/program files/microchip/xc16/v2.10/bin/bin/../../lib\libc99-elf.a(__init_stdio.XX_o)
                  0x000d54                  ___init_stdio
                  0x000d54                  ___init_stdio_needed
 .libc.__pop_float
                  0x000d5a         0x3e c:/program files/microchip/xc16/v2.10/bin/bin/../../lib\libc99-elf.a(__pop_float.XX_o)
                  0x000d5a                  ___pop_float
                  0x000d5a                  ___pop_float_needed
 .libc.__pop_int
                  0x000d98         0xa8 c:/program files/microchip/xc16/v2.10/bin/bin/../../lib\libc99-elf.a(__pop_int.XX_o)
                  0x000d98                  ___pop_int
                  0x000d98                  ___pop_int_needed
 .libc.__pop_ptr
                  0x000e40         0x70 c:/program files/microchip/xc16/v2.10/bin/bin/../../lib\libc99-elf.a(__pop_ptr.XX_o)
                  0x000e40                  ___pop_ptr_needed
                  0x000e40                  ___pop_ptr
 .libc.doclose    0x000eb0          0x4 c:/program files/microchip/xc16/v2.10/bin/bin/../../lib\libc99-pic30-elf.a(close.Meo)
 .libc.dowrite    0x000eb4          0x4 c:/program files/microchip/xc16/v2.10/bin/bin/../../lib\libc99-pic30-elf.a(write.Meo)
 .libm.extendsfdf2
                  0x000eb8         0x3e c:/program files/microchip/xc16/v2.10/bin/bin/../../lib\libc99-pic30-elf.a(extendsfdf.XX_o)
                  0x000eb8                  ___extendsfdf2
 .libm.funpack    0x000ef6         0x2a c:/program files/microchip/xc16/v2.10/bin/bin/../../lib\libc99-pic30-elf.a(funpack.XX_o)
                  0x000ef6                  __funpack
 .libm.mulsi3     0x000f20          0xc c:/program files/microchip/xc16/v2.10/bin/bin/../../lib\libc99-pic30-elf.a(mulsi3.XX_o)
                  0x000f20                  ___mulp32peds3
                  0x000f20                  ___mulsi3
                  0x000f20                  ___mulp32eds3

usercode
 *(usercode)

__CONFIG2
 *(__CONFIG2.sec*)

__CONFIG1
 *(__CONFIG1.sec*)

.comment
 *(.comment)

.debug_info       0x000000       0x8097
 *(.debug_info)
 .debug_info      0x000000        0x299 build/default/debug/mcc_generated_files/drivers/uart.o
 .debug_info      0x000299        0x621 build/default/debug/mcc_generated_files/drivers/i2c_simple_master.o
 .debug_info      0x0008ba        0x299 build/default/debug/mcc_generated_files/drivers/i2c_types.o
 .debug_info      0x000b53        0xc72 build/default/debug/mcc_generated_files/drivers/i2c_master.o
 .debug_info      0x0017c5        0x36f build/default/debug/mcc_generated_files/examples/uart_example.o
 .debug_info      0x001b34        0x21c build/default/debug/mcc_generated_files/clock.o
 .debug_info      0x001d50        0x31e build/default/debug/mcc_generated_files/system.o
 .debug_info      0x00206e        0x471 build/default/debug/mcc_generated_files/pin_manager.o
 .debug_info      0x0024df        0xbac build/default/debug/mcc_generated_files/interrupt_manager.o
 .debug_info      0x00308b        0x3a8 build/default/debug/mcc_generated_files/traps.o
 .debug_info      0x003433         0xa1 build/default/debug/mcc_generated_files/where_was_i.o
 .debug_info      0x0034d4        0x848 build/default/debug/mcc_generated_files/tmr1.o
 .debug_info      0x003d1c        0xff1 build/default/debug/mcc_generated_files/uart1.o
 .debug_info      0x004d0d        0xf99 build/default/debug/mcc_generated_files/i2c1_driver.o
 .debug_info      0x005ca6        0x81f build/default/debug/mcc_generated_files/tmr3.o
 .debug_info      0x0064c5        0x5a4 build/default/debug/mcc_generated_files/oc4.o
 .debug_info      0x006a69        0x5ab build/default/debug/mcc_generated_files/oc1.o
 .debug_info      0x007014        0x831 build/default/debug/mcc_generated_files/tmr2.o
 .debug_info      0x007845        0x6a9 build/default/debug/main.o
 .debug_info      0x007eee         0x90 c:/program files/microchip/xc16/v2.10/bin/bin/../../lib\libc99-pic30-elf.a(extendsfdf.XX_o)
 .debug_info      0x007f7e         0x8d c:/program files/microchip/xc16/v2.10/bin/bin/../../lib\libc99-pic30-elf.a(funpack.XX_o)
 .debug_info      0x00800b         0x8c c:/program files/microchip/xc16/v2.10/bin/bin/../../lib\libc99-pic30-elf.a(mulsi3.XX_o)
 *(.gnu.linkonce.wi.*)

.debug_abbrev     0x000000       0x15a6
 *(.debug_abbrev)
 .debug_abbrev    0x000000         0x9b build/default/debug/mcc_generated_files/drivers/uart.o
 .debug_abbrev    0x00009b        0x106 build/default/debug/mcc_generated_files/drivers/i2c_simple_master.o
 .debug_abbrev    0x0001a1         0x88 build/default/debug/mcc_generated_files/drivers/i2c_types.o
 .debug_abbrev    0x000229        0x21a build/default/debug/mcc_generated_files/drivers/i2c_master.o
 .debug_abbrev    0x000443        0x101 build/default/debug/mcc_generated_files/examples/uart_example.o
 .debug_abbrev    0x000544         0x59 build/default/debug/mcc_generated_files/clock.o
 .debug_abbrev    0x00059d         0xb4 build/default/debug/mcc_generated_files/system.o
 .debug_abbrev    0x000651         0x6a build/default/debug/mcc_generated_files/pin_manager.o
 .debug_abbrev    0x0006bb          0x1 build/default/debug/mcc_generated_files/mcc.o
 .debug_abbrev    0x0006bc         0xb4 build/default/debug/mcc_generated_files/interrupt_manager.o
 .debug_abbrev    0x000770        0x100 build/default/debug/mcc_generated_files/traps.o
 .debug_abbrev    0x000870         0x14 build/default/debug/mcc_generated_files/where_was_i.o
 .debug_abbrev    0x000884        0x1a2 build/default/debug/mcc_generated_files/tmr1.o
 .debug_abbrev    0x000a26        0x240 build/default/debug/mcc_generated_files/uart1.o
 .debug_abbrev    0x000c66        0x1a2 build/default/debug/mcc_generated_files/i2c1_driver.o
 .debug_abbrev    0x000e08        0x1a2 build/default/debug/mcc_generated_files/tmr3.o
 .debug_abbrev    0x000faa        0x164 build/default/debug/mcc_generated_files/oc4.o
 .debug_abbrev    0x00110e        0x175 build/default/debug/mcc_generated_files/oc1.o
 .debug_abbrev    0x001283        0x1a2 build/default/debug/mcc_generated_files/tmr2.o
 .debug_abbrev    0x001425        0x145 build/default/debug/main.o
 .debug_abbrev    0x00156a         0x14 c:/program files/microchip/xc16/v2.10/bin/bin/../../lib\libc99-pic30-elf.a(extendsfdf.XX_o)
 .debug_abbrev    0x00157e         0x14 c:/program files/microchip/xc16/v2.10/bin/bin/../../lib\libc99-pic30-elf.a(funpack.XX_o)
 .debug_abbrev    0x001592         0x14 c:/program files/microchip/xc16/v2.10/bin/bin/../../lib\libc99-pic30-elf.a(mulsi3.XX_o)

.debug_line       0x000000       0x17db
 *(.debug_line)
 .debug_line      0x000000         0x99 build/default/debug/mcc_generated_files/drivers/uart.o
 .debug_line      0x000099        0x149 build/default/debug/mcc_generated_files/drivers/i2c_simple_master.o
 .debug_line      0x0001e2         0x6e build/default/debug/mcc_generated_files/drivers/i2c_types.o
 .debug_line      0x000250        0x183 build/default/debug/mcc_generated_files/drivers/i2c_master.o
 .debug_line      0x0003d3         0xeb build/default/debug/mcc_generated_files/examples/uart_example.o
 .debug_line      0x0004be        0x120 build/default/debug/mcc_generated_files/clock.o
 .debug_line      0x0005de        0x124 build/default/debug/mcc_generated_files/system.o
 .debug_line      0x000702        0x137 build/default/debug/mcc_generated_files/pin_manager.o
 .debug_line      0x000839         0x1a build/default/debug/mcc_generated_files/mcc.o
 .debug_line      0x000853        0x12d build/default/debug/mcc_generated_files/interrupt_manager.o
 .debug_line      0x000980        0x14c build/default/debug/mcc_generated_files/traps.o
 .debug_line      0x000acc         0x55 build/default/debug/mcc_generated_files/where_was_i.o
 .debug_line      0x000b21        0x163 build/default/debug/mcc_generated_files/tmr1.o
 .debug_line      0x000c84        0x207 build/default/debug/mcc_generated_files/uart1.o
 .debug_line      0x000e8b        0x1bf build/default/debug/mcc_generated_files/i2c1_driver.o
 .debug_line      0x00104a        0x163 build/default/debug/mcc_generated_files/tmr3.o
 .debug_line      0x0011ad        0x145 build/default/debug/mcc_generated_files/oc4.o
 .debug_line      0x0012f2        0x145 build/default/debug/mcc_generated_files/oc1.o
 .debug_line      0x001437        0x163 build/default/debug/mcc_generated_files/tmr2.o
 .debug_line      0x00159a        0x164 build/default/debug/main.o
 .debug_line      0x0016fe         0x59 c:/program files/microchip/xc16/v2.10/bin/bin/../../lib\libc99-pic30-elf.a(extendsfdf.XX_o)
 .debug_line      0x001757         0x4a c:/program files/microchip/xc16/v2.10/bin/bin/../../lib\libc99-pic30-elf.a(funpack.XX_o)
 .debug_line      0x0017a1         0x3a c:/program files/microchip/xc16/v2.10/bin/bin/../../lib\libc99-pic30-elf.a(mulsi3.XX_o)

.debug_frame      0x000000       0x165a
 *(.debug_frame)
 .debug_frame     0x000000        0x14c build/default/debug/mcc_generated_files/drivers/i2c_simple_master.o
 .debug_frame     0x00014c         0x7c build/default/debug/mcc_generated_files/drivers/i2c_types.o
 .debug_frame     0x0001c8        0x3aa build/default/debug/mcc_generated_files/drivers/i2c_master.o
 .debug_frame     0x000572         0x4a build/default/debug/mcc_generated_files/examples/uart_example.o
 .debug_frame     0x0005bc         0x2e build/default/debug/mcc_generated_files/clock.o
 .debug_frame     0x0005ea         0x2e build/default/debug/mcc_generated_files/system.o
 .debug_frame     0x000618         0x2e build/default/debug/mcc_generated_files/pin_manager.o
 .debug_frame     0x000646         0x2e build/default/debug/mcc_generated_files/interrupt_manager.o
 .debug_frame     0x000674        0x140 build/default/debug/mcc_generated_files/traps.o
 .debug_frame     0x0007b4        0x18a build/default/debug/mcc_generated_files/tmr1.o
 .debug_frame     0x00093e        0x30a build/default/debug/mcc_generated_files/uart1.o
 .debug_frame     0x000c48        0x404 build/default/debug/mcc_generated_files/i2c1_driver.o
 .debug_frame     0x00104c        0x18a build/default/debug/mcc_generated_files/tmr3.o
 .debug_frame     0x0011d6         0xfe build/default/debug/mcc_generated_files/oc4.o
 .debug_frame     0x0012d4         0xfe build/default/debug/mcc_generated_files/oc1.o
 .debug_frame     0x0013d2        0x18a build/default/debug/mcc_generated_files/tmr2.o
 .debug_frame     0x00155c         0xfe build/default/debug/main.o

.debug_str        0x000000        0x2dd
 *(.debug_str)
 .debug_str       0x000000          0xd build/default/debug/mcc_generated_files/drivers/i2c_simple_master.o
 .debug_str       0x00000d         0x21 build/default/debug/mcc_generated_files/drivers/i2c_master.o
 .debug_str       0x00002e          0xc build/default/debug/mcc_generated_files/system.o
 .debug_str       0x00003a         0x37 build/default/debug/mcc_generated_files/interrupt_manager.o
 .debug_str       0x000071          0xc build/default/debug/mcc_generated_files/traps.o
 .debug_str       0x00007d         0x32 build/default/debug/mcc_generated_files/tmr1.o
 .debug_str       0x0000af         0xac build/default/debug/mcc_generated_files/uart1.o
 .debug_str       0x00015b         0x95 build/default/debug/mcc_generated_files/i2c1_driver.o
 .debug_str       0x0001f0         0x32 build/default/debug/mcc_generated_files/tmr3.o
 .debug_str       0x000222         0x14 build/default/debug/mcc_generated_files/oc4.o
 .debug_str       0x000236         0x14 build/default/debug/mcc_generated_files/oc1.o
 .debug_str       0x00024a         0x32 build/default/debug/mcc_generated_files/tmr2.o
 .debug_str       0x00027c         0x61 build/default/debug/main.o

.debug_loc
 *(.debug_loc)

.debug_macinfo
 *(.debug_macinfo)

.debug_pubnames
                  0x000000       0x1142
 *(.debug_pubnames)
 .debug_pubnames
                  0x000000         0x1b build/default/debug/mcc_generated_files/drivers/uart.o
 .debug_pubnames
                  0x00001b         0xb9 build/default/debug/mcc_generated_files/drivers/i2c_simple_master.o
 .debug_pubnames
                  0x0000d4         0x62 build/default/debug/mcc_generated_files/drivers/i2c_types.o
 .debug_pubnames
                  0x000136        0x190 build/default/debug/mcc_generated_files/drivers/i2c_master.o
 .debug_pubnames
                  0x0002c6         0x33 build/default/debug/mcc_generated_files/examples/uart_example.o
 .debug_pubnames
                  0x0002f9         0x27 build/default/debug/mcc_generated_files/clock.o
 .debug_pubnames
                  0x000320         0x28 build/default/debug/mcc_generated_files/system.o
 .debug_pubnames
                  0x000348         0x2d build/default/debug/mcc_generated_files/pin_manager.o
 .debug_pubnames
                  0x000375         0x2b build/default/debug/mcc_generated_files/interrupt_manager.o
 .debug_pubnames
                  0x0003a0         0x6f build/default/debug/mcc_generated_files/traps.o
 .debug_pubnames
                  0x00040f        0x156 build/default/debug/mcc_generated_files/tmr1.o
 .debug_pubnames
                  0x000565        0x284 build/default/debug/mcc_generated_files/uart1.o
 .debug_pubnames
                  0x0007e9        0x3f9 build/default/debug/mcc_generated_files/i2c1_driver.o
 .debug_pubnames
                  0x000be2        0x156 build/default/debug/mcc_generated_files/tmr3.o
 .debug_pubnames
                  0x000d38         0xc7 build/default/debug/mcc_generated_files/oc4.o
 .debug_pubnames
                  0x000dff         0xc7 build/default/debug/mcc_generated_files/oc1.o
 .debug_pubnames
                  0x000ec6        0x156 build/default/debug/mcc_generated_files/tmr2.o
 .debug_pubnames
                  0x00101c        0x126 build/default/debug/main.o

.debug_ranges
 *(.debug_ranges)

.debug_aranges    0x000000        0x218
 *(.debug_aranges)
 .debug_aranges
                  0x000000         0x18 build/default/debug/mcc_generated_files/drivers/i2c_simple_master.o
 .debug_aranges
                  0x000018         0x18 build/default/debug/mcc_generated_files/drivers/i2c_types.o
 .debug_aranges
                  0x000030         0x18 build/default/debug/mcc_generated_files/drivers/i2c_master.o
 .debug_aranges
                  0x000048         0x18 build/default/debug/mcc_generated_files/examples/uart_example.o
 .debug_aranges
                  0x000060         0x18 build/default/debug/mcc_generated_files/clock.o
 .debug_aranges
                  0x000078         0x18 build/default/debug/mcc_generated_files/system.o
 .debug_aranges
                  0x000090         0x18 build/default/debug/mcc_generated_files/pin_manager.o
 .debug_aranges
                  0x0000a8         0x18 build/default/debug/mcc_generated_files/interrupt_manager.o
 .debug_aranges
                  0x0000c0         0x18 build/default/debug/mcc_generated_files/traps.o
 .debug_aranges
                  0x0000d8         0x20 build/default/debug/mcc_generated_files/where_was_i.o
 .debug_aranges
                  0x0000f8         0x18 build/default/debug/mcc_generated_files/tmr1.o
 .debug_aranges
                  0x000110         0x18 build/default/debug/mcc_generated_files/uart1.o
 .debug_aranges
                  0x000128         0x18 build/default/debug/mcc_generated_files/i2c1_driver.o
 .debug_aranges
                  0x000140         0x18 build/default/debug/mcc_generated_files/tmr3.o
 .debug_aranges
                  0x000158         0x18 build/default/debug/mcc_generated_files/oc4.o
 .debug_aranges
                  0x000170         0x18 build/default/debug/mcc_generated_files/oc1.o
 .debug_aranges
                  0x000188         0x18 build/default/debug/mcc_generated_files/tmr2.o
 .debug_aranges
                  0x0001a0         0x18 build/default/debug/main.o
 .debug_aranges
                  0x0001b8         0x20 c:/program files/microchip/xc16/v2.10/bin/bin/../../lib\libc99-pic30-elf.a(extendsfdf.XX_o)
 .debug_aranges
                  0x0001d8         0x20 c:/program files/microchip/xc16/v2.10/bin/bin/../../lib\libc99-pic30-elf.a(funpack.XX_o)
 .debug_aranges
                  0x0001f8         0x20 c:/program files/microchip/xc16/v2.10/bin/bin/../../lib\libc99-pic30-elf.a(mulsi3.XX_o)
                    0x0000                  WREG0 = 0x0
                    0x0000                  _WREG0 = 0x0
                    0x0002                  WREG1 = 0x2
                    0x0002                  _WREG1 = 0x2
                    0x0004                  WREG2 = 0x4
                    0x0004                  _WREG2 = 0x4
                    0x0006                  WREG3 = 0x6
                    0x0006                  _WREG3 = 0x6
                    0x0008                  WREG4 = 0x8
                    0x0008                  _WREG4 = 0x8
                    0x000a                  WREG5 = 0xa
                    0x000a                  _WREG5 = 0xa
                    0x000c                  WREG6 = 0xc
                    0x000c                  _WREG6 = 0xc
                    0x000e                  WREG7 = 0xe
                    0x000e                  _WREG7 = 0xe
                    0x0010                  WREG8 = 0x10
                    0x0010                  _WREG8 = 0x10
                    0x0012                  WREG9 = 0x12
                    0x0012                  _WREG9 = 0x12
                    0x0014                  WREG10 = 0x14
                    0x0014                  _WREG10 = 0x14
                    0x0016                  WREG11 = 0x16
                    0x0016                  _WREG11 = 0x16
                    0x0018                  WREG12 = 0x18
                    0x0018                  _WREG12 = 0x18
                    0x001a                  WREG13 = 0x1a
                    0x001a                  _WREG13 = 0x1a
                    0x001c                  WREG14 = 0x1c
                    0x001c                  _WREG14 = 0x1c
                    0x001e                  WREG15 = 0x1e
                    0x001e                  _WREG15 = 0x1e
                    0x0020                  SPLIM = 0x20
                    0x0020                  _SPLIM = 0x20
                    0x002e                  PCL = 0x2e
                    0x002e                  _PCL = 0x2e
                    0x0030                  PCH = 0x30
                    0x0030                  _PCH = 0x30
                    0x0032                  TBLPAG = 0x32
                    0x0032                  _TBLPAG = 0x32
                    0x0034                  PSVPAG = 0x34
                    0x0034                  _PSVPAG = 0x34
                    0x0036                  RCOUNT = 0x36
                    0x0036                  _RCOUNT = 0x36
                    0x0042                  SR = 0x42
                    0x0042                  _SR = 0x42
                    0x0042                  _SRbits = 0x42
                    0x0044                  CORCON = 0x44
                    0x0044                  _CORCON = 0x44
                    0x0044                  _CORCONbits = 0x44
                    0x0052                  DISICNT = 0x52
                    0x0052                  _DISICNT = 0x52
                    0x0060                  CNEN1 = 0x60
                    0x0060                  _CNEN1 = 0x60
                    0x0060                  _CNEN1bits = 0x60
                    0x0062                  CNEN2 = 0x62
                    0x0062                  _CNEN2 = 0x62
                    0x0062                  _CNEN2bits = 0x62
                    0x0068                  CNPU1 = 0x68
                    0x0068                  _CNPU1 = 0x68
                    0x0068                  _CNPU1bits = 0x68
                    0x006a                  CNPU2 = 0x6a
                    0x006a                  _CNPU2 = 0x6a
                    0x006a                  _CNPU2bits = 0x6a
                    0x0080                  INTCON1 = 0x80
                    0x0080                  _INTCON1 = 0x80
                    0x0080                  _INTCON1bits = 0x80
                    0x0082                  INTCON2 = 0x82
                    0x0082                  _INTCON2 = 0x82
                    0x0082                  _INTCON2bits = 0x82
                    0x0084                  IFS0 = 0x84
                    0x0084                  _IFS0 = 0x84
                    0x0084                  _IFS0bits = 0x84
                    0x0086                  IFS1 = 0x86
                    0x0086                  _IFS1 = 0x86
                    0x0086                  _IFS1bits = 0x86
                    0x0088                  IFS2 = 0x88
                    0x0088                  _IFS2 = 0x88
                    0x0088                  _IFS2bits = 0x88
                    0x008a                  IFS3 = 0x8a
                    0x008a                  _IFS3 = 0x8a
                    0x008a                  _IFS3bits = 0x8a
                    0x008c                  IFS4 = 0x8c
                    0x008c                  _IFS4 = 0x8c
                    0x008c                  _IFS4bits = 0x8c
                    0x0094                  IEC0 = 0x94
                    0x0094                  _IEC0 = 0x94
                    0x0094                  _IEC0bits = 0x94
                    0x0096                  IEC1 = 0x96
                    0x0096                  _IEC1 = 0x96
                    0x0096                  _IEC1bits = 0x96
                    0x0098                  IEC2 = 0x98
                    0x0098                  _IEC2 = 0x98
                    0x0098                  _IEC2bits = 0x98
                    0x009a                  IEC3 = 0x9a
                    0x009a                  _IEC3 = 0x9a
                    0x009a                  _IEC3bits = 0x9a
                    0x009c                  IEC4 = 0x9c
                    0x009c                  _IEC4 = 0x9c
                    0x009c                  _IEC4bits = 0x9c
                    0x00a4                  IPC0 = 0xa4
                    0x00a4                  _IPC0 = 0xa4
                    0x00a4                  _IPC0bits = 0xa4
                    0x00a6                  IPC1 = 0xa6
                    0x00a6                  _IPC1 = 0xa6
                    0x00a6                  _IPC1bits = 0xa6
                    0x00a8                  IPC2 = 0xa8
                    0x00a8                  _IPC2 = 0xa8
                    0x00a8                  _IPC2bits = 0xa8
                    0x00aa                  IPC3 = 0xaa
                    0x00aa                  _IPC3 = 0xaa
                    0x00aa                  _IPC3bits = 0xaa
                    0x00ac                  IPC4 = 0xac
                    0x00ac                  _IPC4 = 0xac
                    0x00ac                  _IPC4bits = 0xac
                    0x00ae                  IPC5 = 0xae
                    0x00ae                  _IPC5 = 0xae
                    0x00ae                  _IPC5bits = 0xae
                    0x00b0                  IPC6 = 0xb0
                    0x00b0                  _IPC6 = 0xb0
                    0x00b0                  _IPC6bits = 0xb0
                    0x00b2                  IPC7 = 0xb2
                    0x00b2                  _IPC7 = 0xb2
                    0x00b2                  _IPC7bits = 0xb2
                    0x00b4                  IPC8 = 0xb4
                    0x00b4                  _IPC8 = 0xb4
                    0x00b4                  _IPC8bits = 0xb4
                    0x00b6                  IPC9 = 0xb6
                    0x00b6                  _IPC9 = 0xb6
                    0x00b6                  _IPC9bits = 0xb6
                    0x00b8                  IPC10 = 0xb8
                    0x00b8                  _IPC10 = 0xb8
                    0x00b8                  _IPC10bits = 0xb8
                    0x00ba                  IPC11 = 0xba
                    0x00ba                  _IPC11 = 0xba
                    0x00ba                  _IPC11bits = 0xba
                    0x00bc                  IPC12 = 0xbc
                    0x00bc                  _IPC12 = 0xbc
                    0x00bc                  _IPC12bits = 0xbc
                    0x00be                  IPC13 = 0xbe
                    0x00be                  _IPC13 = 0xbe
                    0x00be                  _IPC13bits = 0xbe
                    0x00c2                  IPC15 = 0xc2
                    0x00c2                  _IPC15 = 0xc2
                    0x00c2                  _IPC15bits = 0xc2
                    0x00c4                  IPC16 = 0xc4
                    0x00c4                  _IPC16 = 0xc4
                    0x00c4                  _IPC16bits = 0xc4
                    0x00e0                  INTTREG = 0xe0
                    0x00e0                  _INTTREG = 0xe0
                    0x00e0                  _INTTREGbits = 0xe0
                    0x0100                  TMR1 = 0x100
                    0x0100                  _TMR1 = 0x100
                    0x0102                  PR1 = 0x102
                    0x0102                  _PR1 = 0x102
                    0x0104                  T1CON = 0x104
                    0x0104                  _T1CON = 0x104
                    0x0104                  _T1CONbits = 0x104
                    0x0106                  TMR2 = 0x106
                    0x0106                  _TMR2 = 0x106
                    0x0108                  TMR3HLD = 0x108
                    0x0108                  _TMR3HLD = 0x108
                    0x010a                  TMR3 = 0x10a
                    0x010a                  _TMR3 = 0x10a
                    0x010c                  PR2 = 0x10c
                    0x010c                  _PR2 = 0x10c
                    0x010e                  PR3 = 0x10e
                    0x010e                  _PR3 = 0x10e
                    0x0110                  T2CON = 0x110
                    0x0110                  _T2CON = 0x110
                    0x0110                  _T2CONbits = 0x110
                    0x0112                  T3CON = 0x112
                    0x0112                  _T3CON = 0x112
                    0x0112                  _T3CONbits = 0x112
                    0x0114                  TMR4 = 0x114
                    0x0114                  _TMR4 = 0x114
                    0x0116                  TMR5HLD = 0x116
                    0x0116                  _TMR5HLD = 0x116
                    0x0118                  TMR5 = 0x118
                    0x0118                  _TMR5 = 0x118
                    0x011a                  PR4 = 0x11a
                    0x011a                  _PR4 = 0x11a
                    0x011c                  PR5 = 0x11c
                    0x011c                  _PR5 = 0x11c
                    0x011e                  T4CON = 0x11e
                    0x011e                  _T4CON = 0x11e
                    0x011e                  _T4CONbits = 0x11e
                    0x0120                  T5CON = 0x120
                    0x0120                  _T5CON = 0x120
                    0x0120                  _T5CONbits = 0x120
                    0x0140                  IC1BUF = 0x140
                    0x0140                  _IC1BUF = 0x140
                    0x0142                  IC1CON = 0x142
                    0x0142                  _IC1CON = 0x142
                    0x0142                  _IC1CONbits = 0x142
                    0x0144                  IC2BUF = 0x144
                    0x0144                  _IC2BUF = 0x144
                    0x0146                  IC2CON = 0x146
                    0x0146                  _IC2CON = 0x146
                    0x0146                  _IC2CONbits = 0x146
                    0x0148                  IC3BUF = 0x148
                    0x0148                  _IC3BUF = 0x148
                    0x014a                  IC3CON = 0x14a
                    0x014a                  _IC3CON = 0x14a
                    0x014a                  _IC3CONbits = 0x14a
                    0x014c                  IC4BUF = 0x14c
                    0x014c                  _IC4BUF = 0x14c
                    0x014e                  IC4CON = 0x14e
                    0x014e                  _IC4CON = 0x14e
                    0x014e                  _IC4CONbits = 0x14e
                    0x0150                  IC5BUF = 0x150
                    0x0150                  _IC5BUF = 0x150
                    0x0152                  IC5CON = 0x152
                    0x0152                  _IC5CON = 0x152
                    0x0152                  _IC5CONbits = 0x152
                    0x0180                  OC1RS = 0x180
                    0x0180                  _OC1RS = 0x180
                    0x0182                  OC1R = 0x182
                    0x0182                  _OC1R = 0x182
                    0x0184                  OC1CON = 0x184
                    0x0184                  _OC1CON = 0x184
                    0x0184                  _OC1CONbits = 0x184
                    0x0186                  OC2RS = 0x186
                    0x0186                  _OC2RS = 0x186
                    0x0188                  OC2R = 0x188
                    0x0188                  _OC2R = 0x188
                    0x018a                  OC2CON = 0x18a
                    0x018a                  _OC2CON = 0x18a
                    0x018a                  _OC2CONbits = 0x18a
                    0x018c                  OC3RS = 0x18c
                    0x018c                  _OC3RS = 0x18c
                    0x018e                  OC3R = 0x18e
                    0x018e                  _OC3R = 0x18e
                    0x0190                  OC3CON = 0x190
                    0x0190                  _OC3CON = 0x190
                    0x0190                  _OC3CONbits = 0x190
                    0x0192                  OC4RS = 0x192
                    0x0192                  _OC4RS = 0x192
                    0x0194                  OC4R = 0x194
                    0x0194                  _OC4R = 0x194
                    0x0196                  OC4CON = 0x196
                    0x0196                  _OC4CON = 0x196
                    0x0196                  _OC4CONbits = 0x196
                    0x0198                  OC5RS = 0x198
                    0x0198                  _OC5RS = 0x198
                    0x019a                  OC5R = 0x19a
                    0x019a                  _OC5R = 0x19a
                    0x019c                  OC5CON = 0x19c
                    0x019c                  _OC5CON = 0x19c
                    0x019c                  _OC5CONbits = 0x19c
                    0x0200                  I2C1RCV = 0x200
                    0x0200                  _I2C1RCV = 0x200
                    0x0202                  I2C1TRN = 0x202
                    0x0202                  _I2C1TRN = 0x202
                    0x0204                  I2C1BRG = 0x204
                    0x0204                  _I2C1BRG = 0x204
                    0x0206                  I2C1CON = 0x206
                    0x0206                  _I2C1CON = 0x206
                    0x0206                  _I2C1CONbits = 0x206
                    0x0208                  I2C1STAT = 0x208
                    0x0208                  _I2C1STAT = 0x208
                    0x0208                  _I2C1STATbits = 0x208
                    0x020a                  I2C1ADD = 0x20a
                    0x020a                  _I2C1ADD = 0x20a
                    0x020c                  I2C1MSK = 0x20c
                    0x020c                  _I2C1MSK = 0x20c
                    0x0210                  I2C2RCV = 0x210
                    0x0210                  _I2C2RCV = 0x210
                    0x0212                  I2C2TRN = 0x212
                    0x0212                  _I2C2TRN = 0x212
                    0x0214                  I2C2BRG = 0x214
                    0x0214                  _I2C2BRG = 0x214
                    0x0216                  I2C2CON = 0x216
                    0x0216                  _I2C2CON = 0x216
                    0x0216                  _I2C2CONbits = 0x216
                    0x0218                  I2C2STAT = 0x218
                    0x0218                  _I2C2STAT = 0x218
                    0x0218                  _I2C2STATbits = 0x218
                    0x021a                  I2C2ADD = 0x21a
                    0x021a                  _I2C2ADD = 0x21a
                    0x021c                  I2C2MSK = 0x21c
                    0x021c                  _I2C2MSK = 0x21c
                    0x0220                  U1MODE = 0x220
                    0x0220                  _U1MODE = 0x220
                    0x0220                  _U1MODEbits = 0x220
                    0x0222                  U1STA = 0x222
                    0x0222                  _U1STA = 0x222
                    0x0222                  _U1STAbits = 0x222
                    0x0224                  U1TXREG = 0x224
                    0x0224                  _U1TXREG = 0x224
                    0x0226                  U1RXREG = 0x226
                    0x0226                  _U1RXREG = 0x226
                    0x0228                  U1BRG = 0x228
                    0x0228                  _U1BRG = 0x228
                    0x0230                  U2MODE = 0x230
                    0x0230                  _U2MODE = 0x230
                    0x0230                  _U2MODEbits = 0x230
                    0x0232                  U2STA = 0x232
                    0x0232                  _U2STA = 0x232
                    0x0232                  _U2STAbits = 0x232
                    0x0234                  U2TXREG = 0x234
                    0x0234                  _U2TXREG = 0x234
                    0x0236                  U2RXREG = 0x236
                    0x0236                  _U2RXREG = 0x236
                    0x0238                  U2BRG = 0x238
                    0x0238                  _U2BRG = 0x238
                    0x0240                  SPI1STAT = 0x240
                    0x0240                  _SPI1STAT = 0x240
                    0x0240                  _SPI1STATbits = 0x240
                    0x0242                  SPI1CON1 = 0x242
                    0x0242                  _SPI1CON1 = 0x242
                    0x0242                  _SPI1CON1bits = 0x242
                    0x0244                  SPI1CON2 = 0x244
                    0x0244                  _SPI1CON2 = 0x244
                    0x0244                  _SPI1CON2bits = 0x244
                    0x0248                  SPI1BUF = 0x248
                    0x0248                  _SPI1BUF = 0x248
                    0x0260                  SPI2STAT = 0x260
                    0x0260                  _SPI2STAT = 0x260
                    0x0260                  _SPI2STATbits = 0x260
                    0x0262                  SPI2CON1 = 0x262
                    0x0262                  _SPI2CON1 = 0x262
                    0x0262                  _SPI2CON1bits = 0x262
                    0x0264                  SPI2CON2 = 0x264
                    0x0264                  _SPI2CON2 = 0x264
                    0x0264                  _SPI2CON2bits = 0x264
                    0x0268                  SPI2BUF = 0x268
                    0x0268                  _SPI2BUF = 0x268
                    0x02c0                  TRISA = 0x2c0
                    0x02c0                  _TRISA = 0x2c0
                    0x02c0                  _TRISAbits = 0x2c0
                    0x02c2                  PORTA = 0x2c2
                    0x02c2                  _PORTA = 0x2c2
                    0x02c2                  _PORTAbits = 0x2c2
                    0x02c4                  LATA = 0x2c4
                    0x02c4                  _LATA = 0x2c4
                    0x02c4                  _LATAbits = 0x2c4
                    0x02c6                  TRISB = 0x2c6
                    0x02c6                  _TRISB = 0x2c6
                    0x02c6                  _TRISBbits = 0x2c6
                    0x02c8                  PORTB = 0x2c8
                    0x02c8                  _PORTB = 0x2c8
                    0x02c8                  _PORTBbits = 0x2c8
                    0x02ca                  LATB = 0x2ca
                    0x02ca                  _LATB = 0x2ca
                    0x02ca                  _LATBbits = 0x2ca
                    0x02cc                  TRISC = 0x2cc
                    0x02cc                  _TRISC = 0x2cc
                    0x02cc                  _TRISCbits = 0x2cc
                    0x02ce                  PORTC = 0x2ce
                    0x02ce                  _PORTC = 0x2ce
                    0x02ce                  _PORTCbits = 0x2ce
                    0x02d0                  LATC = 0x2d0
                    0x02d0                  _LATC = 0x2d0
                    0x02d0                  _LATCbits = 0x2d0
                    0x02d2                  TRISD = 0x2d2
                    0x02d2                  _TRISD = 0x2d2
                    0x02d2                  _TRISDbits = 0x2d2
                    0x02d4                  PORTD = 0x2d4
                    0x02d4                  _PORTD = 0x2d4
                    0x02d4                  _PORTDbits = 0x2d4
                    0x02d6                  LATD = 0x2d6
                    0x02d6                  _LATD = 0x2d6
                    0x02d6                  _LATDbits = 0x2d6
                    0x02d8                  TRISE = 0x2d8
                    0x02d8                  _TRISE = 0x2d8
                    0x02d8                  _TRISEbits = 0x2d8
                    0x02da                  PORTE = 0x2da
                    0x02da                  _PORTE = 0x2da
                    0x02da                  _PORTEbits = 0x2da
                    0x02dc                  LATE = 0x2dc
                    0x02dc                  _LATE = 0x2dc
                    0x02dc                  _LATEbits = 0x2dc
                    0x02de                  TRISF = 0x2de
                    0x02de                  _TRISF = 0x2de
                    0x02de                  _TRISFbits = 0x2de
                    0x02e0                  PORTF = 0x2e0
                    0x02e0                  _PORTF = 0x2e0
                    0x02e0                  _PORTFbits = 0x2e0
                    0x02e2                  LATF = 0x2e2
                    0x02e2                  _LATF = 0x2e2
                    0x02e2                  _LATFbits = 0x2e2
                    0x02e4                  TRISG = 0x2e4
                    0x02e4                  _TRISG = 0x2e4
                    0x02e4                  _TRISGbits = 0x2e4
                    0x02e6                  PORTG = 0x2e6
                    0x02e6                  _PORTG = 0x2e6
                    0x02e6                  _PORTGbits = 0x2e6
                    0x02e8                  LATG = 0x2e8
                    0x02e8                  _LATG = 0x2e8
                    0x02e8                  _LATGbits = 0x2e8
                    0x02fc                  PADCFG1 = 0x2fc
                    0x02fc                  _PADCFG1 = 0x2fc
                    0x02fc                  _PADCFG1bits = 0x2fc
                    0x0300                  ADC1BUF0 = 0x300
                    0x0300                  _ADC1BUF0 = 0x300
                    0x0302                  ADC1BUF1 = 0x302
                    0x0302                  _ADC1BUF1 = 0x302
                    0x0304                  ADC1BUF2 = 0x304
                    0x0304                  _ADC1BUF2 = 0x304
                    0x0306                  ADC1BUF3 = 0x306
                    0x0306                  _ADC1BUF3 = 0x306
                    0x0308                  ADC1BUF4 = 0x308
                    0x0308                  _ADC1BUF4 = 0x308
                    0x030a                  ADC1BUF5 = 0x30a
                    0x030a                  _ADC1BUF5 = 0x30a
                    0x030c                  ADC1BUF6 = 0x30c
                    0x030c                  _ADC1BUF6 = 0x30c
                    0x030e                  ADC1BUF7 = 0x30e
                    0x030e                  _ADC1BUF7 = 0x30e
                    0x0310                  ADC1BUF8 = 0x310
                    0x0310                  _ADC1BUF8 = 0x310
                    0x0312                  ADC1BUF9 = 0x312
                    0x0312                  _ADC1BUF9 = 0x312
                    0x0314                  ADC1BUFA = 0x314
                    0x0314                  _ADC1BUFA = 0x314
                    0x0316                  ADC1BUFB = 0x316
                    0x0316                  _ADC1BUFB = 0x316
                    0x0318                  ADC1BUFC = 0x318
                    0x0318                  _ADC1BUFC = 0x318
                    0x031a                  ADC1BUFD = 0x31a
                    0x031a                  _ADC1BUFD = 0x31a
                    0x031c                  ADC1BUFE = 0x31c
                    0x031c                  _ADC1BUFE = 0x31c
                    0x031e                  ADC1BUFF = 0x31e
                    0x031e                  _ADC1BUFF = 0x31e
                    0x0320                  AD1CON1 = 0x320
                    0x0320                  _AD1CON1 = 0x320
                    0x0320                  _AD1CON1bits = 0x320
                    0x0322                  AD1CON2 = 0x322
                    0x0322                  _AD1CON2 = 0x322
                    0x0322                  _AD1CON2bits = 0x322
                    0x0324                  AD1CON3 = 0x324
                    0x0324                  _AD1CON3 = 0x324
                    0x0324                  _AD1CON3bits = 0x324
                    0x0328                  AD1CHS = 0x328
                    0x0328                  _AD1CHS = 0x328
                    0x0328                  _AD1CHSbits = 0x328
                    0x032c                  AD1PCFG = 0x32c
                    0x032c                  _AD1PCFG = 0x32c
                    0x032c                  _AD1PCFGbits = 0x32c
                    0x0330                  AD1CSSL = 0x330
                    0x0330                  _AD1CSSL = 0x330
                    0x0330                  _AD1CSSLbits = 0x330
                    0x0600                  PMCON = 0x600
                    0x0600                  _PMCON = 0x600
                    0x0600                  _PMCONbits = 0x600
                    0x0602                  PMMODE = 0x602
                    0x0602                  _PMMODE = 0x602
                    0x0602                  _PMMODEbits = 0x602
                    0x0604                  PMADDR = 0x604
                    0x0604                  _PMADDR = 0x604
                    0x0604                  _PMADDRbits = 0x604
                    0x0604                  PMDOUT1 = 0x604
                    0x0604                  _PMDOUT1 = 0x604
                    0x0606                  PMDOUT2 = 0x606
                    0x0606                  _PMDOUT2 = 0x606
                    0x0608                  PMDIN1 = 0x608
                    0x0608                  _PMDIN1 = 0x608
                    0x060a                  PMDIN2 = 0x60a
                    0x060a                  _PMDIN2 = 0x60a
                    0x060c                  PMAEN = 0x60c
                    0x060c                  _PMAEN = 0x60c
                    0x060c                  _PMAENbits = 0x60c
                    0x060e                  PMSTAT = 0x60e
                    0x060e                  _PMSTAT = 0x60e
                    0x060e                  _PMSTATbits = 0x60e
                    0x0620                  ALRMVAL = 0x620
                    0x0620                  _ALRMVAL = 0x620
                    0x0622                  ALCFGRPT = 0x622
                    0x0622                  _ALCFGRPT = 0x622
                    0x0622                  _ALCFGRPTbits = 0x622
                    0x0624                  RTCVAL = 0x624
                    0x0624                  _RTCVAL = 0x624
                    0x0626                  RCFGCAL = 0x626
                    0x0626                  _RCFGCAL = 0x626
                    0x0626                  _RCFGCALbits = 0x626
                    0x0630                  CMCON = 0x630
                    0x0630                  _CMCON = 0x630
                    0x0630                  _CMCONbits = 0x630
                    0x0632                  CVRCON = 0x632
                    0x0632                  _CVRCON = 0x632
                    0x0632                  _CVRCONbits = 0x632
                    0x0640                  CRCCON = 0x640
                    0x0640                  _CRCCON = 0x640
                    0x0640                  _CRCCONbits = 0x640
                    0x0642                  CRCXOR = 0x642
                    0x0642                  _CRCXOR = 0x642
                    0x0642                  _CRCXORbits = 0x642
                    0x0644                  CRCDAT = 0x644
                    0x0644                  _CRCDAT = 0x644
                    0x0646                  CRCWDAT = 0x646
                    0x0646                  _CRCWDAT = 0x646
                    0x06c0                  ODCA = 0x6c0
                    0x06c0                  _ODCA = 0x6c0
                    0x06c0                  _ODCAbits = 0x6c0
                    0x06c6                  ODCB = 0x6c6
                    0x06c6                  _ODCB = 0x6c6
                    0x06c6                  _ODCBbits = 0x6c6
                    0x06cc                  ODCC = 0x6cc
                    0x06cc                  _ODCC = 0x6cc
                    0x06cc                  _ODCCbits = 0x6cc
                    0x06d2                  ODCD = 0x6d2
                    0x06d2                  _ODCD = 0x6d2
                    0x06d2                  _ODCDbits = 0x6d2
                    0x06d8                  ODCE = 0x6d8
                    0x06d8                  _ODCE = 0x6d8
                    0x06d8                  _ODCEbits = 0x6d8
                    0x06de                  ODCF = 0x6de
                    0x06de                  _ODCF = 0x6de
                    0x06de                  _ODCFbits = 0x6de
                    0x06e4                  ODCG = 0x6e4
                    0x06e4                  _ODCG = 0x6e4
                    0x06e4                  _ODCGbits = 0x6e4
                    0x0740                  RCON = 0x740
                    0x0740                  _RCON = 0x740
                    0x0740                  _RCONbits = 0x740
                    0x0742                  OSCCON = 0x742
                    0x0742                  _OSCCON = 0x742
                    0x0742                  _OSCCONbits = 0x742
                    0x0742                  OSCCONL = 0x742
                    0x0742                  _OSCCONL = 0x742
                    0x0743                  OSCCONH = 0x743
                    0x0743                  _OSCCONH = 0x743
                    0x0744                  CLKDIV = 0x744
                    0x0744                  _CLKDIV = 0x744
                    0x0744                  _CLKDIVbits = 0x744
                    0x0748                  OSCTUN = 0x748
                    0x0748                  _OSCTUN = 0x748
                    0x0748                  _OSCTUNbits = 0x748
                    0x0760                  NVMCON = 0x760
                    0x0760                  _NVMCON = 0x760
                    0x0760                  _NVMCONbits = 0x760
                    0x0766                  NVMKEY = 0x766
                    0x0766                  _NVMKEY = 0x766
                    0x0770                  PMD1 = 0x770
                    0x0770                  _PMD1 = 0x770
                    0x0770                  _PMD1bits = 0x770
                    0x0772                  PMD2 = 0x772
                    0x0772                  _PMD2 = 0x772
                    0x0772                  _PMD2bits = 0x772
                    0x0774                  PMD3 = 0x774
                    0x0774                  _PMD3 = 0x774
                    0x0774                  _PMD3bits = 0x774
                    0x0140                  IC1 = 0x140
                    0x0140                  _IC1 = 0x140
                    0x0144                  IC2 = 0x144
                    0x0144                  _IC2 = 0x144
                    0x0148                  IC3 = 0x148
                    0x0148                  _IC3 = 0x148
                    0x014c                  IC4 = 0x14c
                    0x014c                  _IC4 = 0x14c
                    0x0150                  IC5 = 0x150
                    0x0150                  _IC5 = 0x150
                    0x0180                  OC1 = 0x180
                    0x0180                  _OC1 = 0x180
                    0x0186                  OC2 = 0x186
                    0x0186                  _OC2 = 0x186
                    0x018c                  OC3 = 0x18c
                    0x018c                  _OC3 = 0x18c
                    0x0192                  OC4 = 0x192
                    0x0192                  _OC4 = 0x192
                    0x0198                  OC5 = 0x198
                    0x0198                  _OC5 = 0x198
                    0x0240                  SPI1 = 0x240
                    0x0240                  _SPI1 = 0x240
                    0x0260                  SPI2 = 0x260
                    0x0260                  _SPI2 = 0x260
                    0x0220                  UART1 = 0x220
                    0x0220                  _UART1 = 0x220
                    0x0230                  UART2 = 0x230
                    0x0230                  _UART2 = 0x230
START GROUP
LOAD c:/program files/microchip/xc16/v2.10/bin/bin/../../lib\libc99-pic30-elf.a
LOAD c:/program files/microchip/xc16/v2.10/bin/bin/../../lib\libm-elf.a
LOAD c:/program files/microchip/xc16/v2.10/bin/bin/../../lib\libc99-elf.a
END GROUP
OUTPUT(dist/default/debug/SecuritySystem1.0.X.debug.elf elf32-pic30)
LOAD jump_table
LOAD default_isr
LOAD data_init

.debug_pubtypes
                  0x000218        0x876
 .debug_pubtypes
                  0x000218         0x33 build/default/debug/mcc_generated_files/drivers/uart.o
 .debug_pubtypes
                  0x00024b         0x77 build/default/debug/mcc_generated_files/drivers/i2c_simple_master.o
 .debug_pubtypes
                  0x0002c2         0x27 build/default/debug/mcc_generated_files/drivers/i2c_types.o
 .debug_pubtypes
                  0x0002e9         0xd3 build/default/debug/mcc_generated_files/drivers/i2c_master.o
 .debug_pubtypes
                  0x0003bc         0x33 build/default/debug/mcc_generated_files/examples/uart_example.o
 .debug_pubtypes
                  0x0003ef         0x2b build/default/debug/mcc_generated_files/clock.o
 .debug_pubtypes
                  0x00041a         0x42 build/default/debug/mcc_generated_files/system.o
 .debug_pubtypes
                  0x00045c         0x1f build/default/debug/mcc_generated_files/pin_manager.o
 .debug_pubtypes
                  0x00047b         0xcf build/default/debug/mcc_generated_files/interrupt_manager.o
 .debug_pubtypes
                  0x00054a         0x4e build/default/debug/mcc_generated_files/traps.o
 .debug_pubtypes
                  0x000598         0xa4 build/default/debug/mcc_generated_files/tmr1.o
 .debug_pubtypes
                  0x00063c         0xdc build/default/debug/mcc_generated_files/uart1.o
 .debug_pubtypes
                  0x000718         0xe5 build/default/debug/mcc_generated_files/i2c1_driver.o
 .debug_pubtypes
                  0x0007fd         0xa4 build/default/debug/mcc_generated_files/tmr3.o
 .debug_pubtypes
                  0x0008a1         0x6c build/default/debug/mcc_generated_files/oc4.o
 .debug_pubtypes
                  0x00090d         0x6c build/default/debug/mcc_generated_files/oc1.o
 .debug_pubtypes
                  0x000979         0xa4 build/default/debug/mcc_generated_files/tmr2.o
 .debug_pubtypes
                  0x000a1d         0x71 build/default/debug/main.o

__c30_signature
                  0x000a8e        0x132
 __c30_signature
                  0x000a8e          0x6 build/default/debug/mcc_generated_files/drivers/uart.o
 __c30_signature
                  0x000a94          0x6 build/default/debug/mcc_generated_files/drivers/i2c_simple_master.o
 __c30_signature
                  0x000a9a          0x6 build/default/debug/mcc_generated_files/drivers/i2c_types.o
 __c30_signature
                  0x000aa0          0x6 build/default/debug/mcc_generated_files/drivers/i2c_master.o
 __c30_signature
                  0x000aa6          0x6 build/default/debug/mcc_generated_files/examples/uart_example.o
 __c30_signature
                  0x000aac          0x6 build/default/debug/mcc_generated_files/clock.o
 __c30_signature
                  0x000ab2          0x6 build/default/debug/mcc_generated_files/system.o
 __c30_signature
                  0x000ab8          0x6 build/default/debug/mcc_generated_files/pin_manager.o
 __c30_signature
                  0x000abe          0x6 build/default/debug/mcc_generated_files/mcc.o
 __c30_signature
                  0x000ac4          0x6 build/default/debug/mcc_generated_files/interrupt_manager.o
 __c30_signature
                  0x000aca          0x6 build/default/debug/mcc_generated_files/traps.o
 __c30_signature
                  0x000ad0          0x6 build/default/debug/mcc_generated_files/tmr1.o
 __c30_signature
                  0x000ad6          0x6 build/default/debug/mcc_generated_files/uart1.o
 __c30_signature
                  0x000adc          0x6 build/default/debug/mcc_generated_files/i2c1_driver.o
 __c30_signature
                  0x000ae2          0x6 build/default/debug/mcc_generated_files/tmr3.o
 __c30_signature
                  0x000ae8          0x6 build/default/debug/mcc_generated_files/oc4.o
 __c30_signature
                  0x000aee          0x6 build/default/debug/mcc_generated_files/oc1.o
 __c30_signature
                  0x000af4          0x6 build/default/debug/mcc_generated_files/tmr2.o
 __c30_signature
                  0x000afa          0x6 build/default/debug/main.o
 __c30_signature
                  0x000b00          0x6 c:/program files/microchip/xc16/v2.10/bin/bin/../../lib\libc99-pic30-elf.a(crt0_standard.o)
 __c30_signature
                  0x000b06          0x6 c:/program files/microchip/xc16/v2.10/bin/bin/../../lib\libc99-pic30-elf.a(data_init_standard.o)
 __c30_signature
                  0x000b0c          0x6 c:/program files/microchip/xc16/v2.10/bin/bin/../../lib\libc99-pic30-elf.a(delay32.Meo)
 __c30_signature
                  0x000b12          0x6 c:/program files/microchip/xc16/v2.10/bin/bin/../../lib\libc99-elf.a(__sio_printf_0.XX_o)
 __c30_signature
                  0x000b18          0x6 c:/program files/microchip/xc16/v2.10/bin/bin/../../lib\libc99-elf.a(memset.XX_o)
 __c30_signature
                  0x000b1e          0x6 c:/program files/microchip/xc16/v2.10/bin/bin/../../lib\libc99-elf.a(putchar.XX_o)
 __c30_signature
                  0x000b24          0x6 c:/program files/microchip/xc16/v2.10/bin/bin/../../lib\libc99-elf.a(stdout.XX_o)
 __c30_signature
                  0x000b2a          0x6 c:/program files/microchip/xc16/v2.10/bin/bin/../../lib\libc99-elf.a(__fmt_s.XX_o)
 __c30_signature
                  0x000b30          0x6 c:/program files/microchip/xc16/v2.10/bin/bin/../../lib\libc99-elf.a(__int_vfprintf.XX_o)
 __c30_signature
                  0x000b36          0x6 c:/program files/microchip/xc16/v2.10/bin/bin/../../lib\libc99-elf.a(__io_init_needed.XX_o)
 __c30_signature
                  0x000b3c          0x6 c:/program files/microchip/xc16/v2.10/bin/bin/../../lib\libc99-elf.a(__out.XX_o)
 __c30_signature
                  0x000b42          0x6 c:/program files/microchip/xc16/v2.10/bin/bin/../../lib\libc99-elf.a(__printf_core.XX_o)
 __c30_signature
                  0x000b48          0x6 c:/program files/microchip/xc16/v2.10/bin/bin/../../lib\libc99-elf.a(__stdio_close.XX_o)
 __c30_signature
                  0x000b4e          0x6 c:/program files/microchip/xc16/v2.10/bin/bin/../../lib\libc99-elf.a(atoi.XX_o)
 __c30_signature
                  0x000b54          0x6 c:/program files/microchip/xc16/v2.10/bin/bin/../../lib\libc99-elf.a(lseek.XX_o)
 __c30_signature
                  0x000b5a          0x6 c:/program files/microchip/xc16/v2.10/bin/bin/../../lib\libc99-elf.a(memcpy.XX_o)
 __c30_signature
                  0x000b60          0x6 c:/program files/microchip/xc16/v2.10/bin/bin/../../lib\libc99-elf.a(putc.XX_o)
 __c30_signature
                  0x000b66          0x6 c:/program files/microchip/xc16/v2.10/bin/bin/../../lib\libc99-elf.a(strlen.XX_o)
 __c30_signature
                  0x000b6c          0x6 c:/program files/microchip/xc16/v2.10/bin/bin/../../lib\libc99-elf.a(syscall_ret.XX_o)
 __c30_signature
                  0x000b72          0x6 c:/program files/microchip/xc16/v2.10/bin/bin/../../lib\libc99-elf.a(tolower.XX_o)
 __c30_signature
                  0x000b78          0x6 c:/program files/microchip/xc16/v2.10/bin/bin/../../lib\libc99-elf.a(__errno_location.XX_o)
 __c30_signature
                  0x000b7e          0x6 c:/program files/microchip/xc16/v2.10/bin/bin/../../lib\libc99-elf.a(__init_stdio.XX_o)
 __c30_signature
                  0x000b84          0x6 c:/program files/microchip/xc16/v2.10/bin/bin/../../lib\libc99-elf.a(__io_file_needed.XX_o)
 __c30_signature
                  0x000b8a          0x6 c:/program files/microchip/xc16/v2.10/bin/bin/../../lib\libc99-elf.a(__pop_float.XX_o)
 __c30_signature
                  0x000b90          0x6 c:/program files/microchip/xc16/v2.10/bin/bin/../../lib\libc99-elf.a(__pop_int.XX_o)
 __c30_signature
                  0x000b96          0x6 c:/program files/microchip/xc16/v2.10/bin/bin/../../lib\libc99-elf.a(__pop_ptr.XX_o)
 __c30_signature
                  0x000b9c          0x6 c:/program files/microchip/xc16/v2.10/bin/bin/../../lib\libc99-pic30-elf.a(close.Meo)
 __c30_signature
                  0x000ba2          0x6 c:/program files/microchip/xc16/v2.10/bin/bin/../../lib\libc99-pic30-elf.a(write.Meo)
 __c30_signature
                  0x000ba8          0x6 c:/program files/microchip/xc16/v2.10/bin/bin/../../lib\libc99-pic30-elf.a(c30_uart.Meo)
 __c30_signature
                  0x000bae          0x6 c:/program files/microchip/xc16/v2.10/bin/bin/../../lib\libc99-pic30-elf.a(extendsfdf.XX_o)
 __c30_signature
                  0x000bb4          0x6 c:/program files/microchip/xc16/v2.10/bin/bin/../../lib\libc99-pic30-elf.a(funpack.XX_o)
 __c30_signature
                  0x000bba          0x6 c:/program files/microchip/xc16/v2.10/bin/bin/../../lib\libc99-pic30-elf.a(mulsi3.XX_o)

__xc_reference_data

.nbss               0x0850         0x20
 .nbss              0x0850          0xe build/default/debug/mcc_generated_files/uart1.o
                    0x085a                  _UART1_TxDefaultInterruptHandler
                    0x085c                  _UART1_RxDefaultInterruptHandler
 .nbss              0x085e          0xc build/default/debug/main.o
                    0x085e                  _other
                    0x0860                  _numOfWStepsLeft
                    0x0862                  _numOfLStepsLeft
                    0x0864                  _armStatus
                    0x0866                  _armFlag
                    0x0868                  _disarmFlag
 .nbss              0x086a          0x6 build/default/debug/mcc_generated_files/i2c1_driver.o
                    0x086a                  _i2c1_driver_busCollisionISR
                    0x086c                  _i2c1_driver_Masteri2cISR
                    0x086e                  _i2c1_driver_Slavei2cISR

mcc_generated_files/where_was_i.s.scn1
                    0x0870          0x4
 mcc_generated_files/where_was_i.s.scn1
                    0x0870          0x4 build/default/debug/mcc_generated_files/where_was_i.o
                    0x0870                  _trapSrcAddr

.ndata              0x0874          0x8
 .ndata             0x0874          0x4 build/default/debug/main.o
                    0x0874                  _timer3Period
                    0x0876                  _timer2Period
 .ndata             0x0878          0x2 build/default/debug/mcc_generated_files/examples/uart_example.o
                    0x0878                  _string
 .ndata             0x087a          0x2 build/default/debug/mcc_generated_files/traps.o

.nbss               0x087c          0xa
 .nbss              0x087c          0x2 build/default/debug/mcc_generated_files/tmr1.o
                    0x087c                  _TMR1_InterruptHandler
 .nbss              0x087e          0x2 build/default/debug/mcc_generated_files/tmr3.o
                    0x087e                  _TMR3_InterruptHandler
 .nbss              0x0880          0x2 build/default/debug/mcc_generated_files/oc4.o
 .nbss              0x0882          0x2 build/default/debug/mcc_generated_files/oc1.o
 .nbss              0x0884          0x2 build/default/debug/mcc_generated_files/tmr2.o
                    0x0884                  _TMR2_InterruptHandler

.data               0x0886         0x42
 .data              0x0886         0x42 c:/program files/microchip/xc16/v2.10/bin/bin/../../lib\libc99-elf.a(stdout.XX_o)
                    0x0886                  __stdout
                    0x0888                  ___stdout_used

.bss                0x08c8         0x26
 .bss               0x08c8         0x26 build/default/debug/mcc_generated_files/drivers/i2c_master.o
                    0x08c8                  _i2c_status

.data               0x08ee         0x20
 .data              0x08ee         0x20 build/default/debug/mcc_generated_files/drivers/i2c_master.o
                    0x08ee                  _fsmStateTable

.bss                0x090e         0x20
 .bss               0x090e         0x20 build/default/debug/mcc_generated_files/traps.o

.data               0x092e         0x1e
 .data              0x092e         0x1e c:/program files/microchip/xc16/v2.10/bin/bin/../../lib\libc99-elf.a(__printf_core.XX_o)

.bss                0x094c         0x2a
 .bss               0x094c         0x12 build/default/debug/mcc_generated_files/uart1.o
 .bss               0x095e         0x10 build/default/debug/mcc_generated_files/examples/uart_example.o
 .bss               0x096e          0x2 build/default/debug/mcc_generated_files/tmr1.o
 .bss               0x0970          0x2 build/default/debug/mcc_generated_files/tmr3.o
 .bss               0x0972          0x2 build/default/debug/mcc_generated_files/tmr2.o
 .bss               0x0974          0x2 c:/program files/microchip/xc16/v2.10/bin/bin/../../lib\libc99-elf.a(__errno_location.XX_o)
                    0x0974                  ___errno_val

.data               0x0976          0x2
 .data              0x0976          0x2 c:/program files/microchip/xc16/v2.10/bin/bin/../../lib\libc99-pic30-elf.a(c30_uart.Meo)
                    0x0976                  ___C30_UART

.config_JTAGEN    0x0157fe          0x2
 .config_JTAGEN
                  0x0157fe          0x2 build/default/debug/mcc_generated_files/system.o

.config_IESO      0x0157fc          0x2
 .config_IESO     0x0157fc          0x2 build/default/debug/mcc_generated_files/system.o

.ivt._OscillatorFail
                  0x000006          0x2
 .ivt._OscillatorFail
                  0x000006          0x2 build/default/debug/mcc_generated_files/traps.o

.ivt._StackError
                  0x00000a          0x2
 .ivt._StackError
                  0x00000a          0x2 build/default/debug/mcc_generated_files/traps.o

.ivt._AddressError
                  0x000008          0x2
 .ivt._AddressError
                  0x000008          0x2 build/default/debug/mcc_generated_files/traps.o

.ivt._MathError
                  0x00000c          0x2
 .ivt._MathError
                  0x00000c          0x2 build/default/debug/mcc_generated_files/traps.o

.ivt._T1Interrupt
                  0x00001a          0x2
 .ivt._T1Interrupt
                  0x00001a          0x2 build/default/debug/mcc_generated_files/tmr1.o

.ivt._U1TXInterrupt
                  0x00002c          0x2
 .ivt._U1TXInterrupt
                  0x00002c          0x2 build/default/debug/mcc_generated_files/uart1.o

.ivt._U1RXInterrupt
                  0x00002a          0x2
 .ivt._U1RXInterrupt
                  0x00002a          0x2 build/default/debug/mcc_generated_files/uart1.o

.ivt._U1ErrInterrupt
                  0x000096          0x2
 .ivt._U1ErrInterrupt
                  0x000096          0x2 build/default/debug/mcc_generated_files/uart1.o

.ivt._MI2C1Interrupt
                  0x000036          0x2
 .ivt._MI2C1Interrupt
                  0x000036          0x2 build/default/debug/mcc_generated_files/i2c1_driver.o

.ivt._SI2C1Interrupt
                  0x000034          0x2
 .ivt._SI2C1Interrupt
                  0x000034          0x2 build/default/debug/mcc_generated_files/i2c1_driver.o

.ivt._T3Interrupt
                  0x000024          0x2
 .ivt._T3Interrupt
                  0x000024          0x2 build/default/debug/mcc_generated_files/tmr3.o

.ivt._T2Interrupt
                  0x000022          0x2
 .ivt._T2Interrupt
                  0x000022          0x2 build/default/debug/mcc_generated_files/tmr2.o

.const              0x8f2c         0x6a load address 0x000f2c  
 .const             0x8f2c         0x5a build/default/debug/mcc_generated_files/examples/uart_example.o
 .const             0x8f86         0x10 build/default/debug/mcc_generated_files/drivers/uart.o
                    0x8f86                  _uart

.text             0x000f96        0xc00
 .text            0x000f96        0x3b4 build/default/debug/mcc_generated_files/drivers/i2c_master.o
                  0x000f96                  _i2c_setDataCompleteCallback
                  0x000fa8                  _i2c_setWriteCollisionCallback
                  0x000fba                  _i2c_setAddressNACKCallback
                  0x000fcc                  _i2c_setDataNACKCallback
                  0x000fde                  _i2c_setTimeOutCallback
                  0x000ff0                  _i2c_open
                  0x00106a                  _i2c_setAddress
                  0x001076                  _i2c_close
                  0x00109e                  _i2c_setTimeOut
                  0x0010ae                  _i2c_setBuffer
                  0x0010ce                  _i2c_masterOperation
                  0x00110a                  _i2c_masterRead
                  0x001114                  _i2c_masterWrite
                  0x00111e                  _i2c_poller
                  0x001134                  build/default/debug/mcc_generated_files/drivers/i2c_master.o:_do_I2C_RESET
                  0x001148                  build/default/debug/mcc_generated_files/drivers/i2c_master.o:_do_I2C_IDLE
                  0x00115a                  build/default/debug/mcc_generated_files/drivers/i2c_master.o:_do_I2C_SEND_RESTART_READ
                  0x001164                  build/default/debug/mcc_generated_files/drivers/i2c_master.o:_do_I2C_SEND_RESTART_WRITE
                  0x00116e                  build/default/debug/mcc_generated_files/drivers/i2c_master.o:_do_I2C_SEND_RESTART
                  0x001178                  build/default/debug/mcc_generated_files/drivers/i2c_master.o:_do_I2C_SEND_STOP
                  0x001182                  build/default/debug/mcc_generated_files/drivers/i2c_master.o:_do_I2C_SEND_ADR_READ
                  0x00119e                  build/default/debug/mcc_generated_files/drivers/i2c_master.o:_do_I2C_SEND_ADR_WRITE
                  0x0011b4                  build/default/debug/mcc_generated_files/drivers/i2c_master.o:_do_I2C_RCEN
                  0x0011c4                  build/default/debug/mcc_generated_files/drivers/i2c_master.o:_do_I2C_DO_ACK
                  0x0011ce                  build/default/debug/mcc_generated_files/drivers/i2c_master.o:_do_I2C_DO_NACK_STOP
                  0x0011d8                  build/default/debug/mcc_generated_files/drivers/i2c_master.o:_do_I2C_DO_NACK_RESTART
                  0x0011e2                  build/default/debug/mcc_generated_files/drivers/i2c_master.o:_do_I2C_DO_ADDRESS_NACK
                  0x001204                  build/default/debug/mcc_generated_files/drivers/i2c_master.o:_do_I2C_TX
                  0x001250                  build/default/debug/mcc_generated_files/drivers/i2c_master.o:_do_I2C_RX
                  0x00128e                  build/default/debug/mcc_generated_files/drivers/i2c_master.o:_do_I2C_TX_EMPTY
                  0x0012ba                  _i2c_ISR
                  0x0012e2                  _i2c_busCollisionISR
                  0x0012ea                  build/default/debug/mcc_generated_files/drivers/i2c_master.o:_returnStop
                  0x0012f4                  build/default/debug/mcc_generated_files/drivers/i2c_master.o:_returnReset
 .text            0x00134a        0x30e build/default/debug/mcc_generated_files/uart1.o
                  0x00134a                  _UART1_Initialize
                  0x00137e                  _UART1_SetTxInterruptHandler
                  0x001396                  _UART1_Transmit_CallBack
                  0x00139c                  _UART1_SetRxInterruptHandler
                  0x0013ba                  _UART1_Read
                  0x0013e6                  _UART1_Write
                  0x001410                  _UART1_IsRxReady
                  0x001426                  _UART1_IsTxReady
                  0x00145a                  _UART1_IsTxDone
                  0x0014e8                  _UART1_ReadBuffer
                  0x001522                  _UART1_WriteBuffer
                  0x00155c                  _UART1_TransferStatusGet
                  0x0015a0                  _UART1_Peek
                  0x0015c0                  _UART1_ReceiveBufferIsEmpty
                  0x0015d0                  _UART1_TransmitBufferIsFull
                  0x0015e0                  _UART1_StatusGet
                  0x0015e8                  _UART1_TransmitBufferSizeGet
                  0x001616                  _UART1_ReceiveBufferSizeGet
                  0x001644                  _UART1_Enable
                  0x00164e                  _UART1_Disable
 .text            0x001658        0x200 build/default/debug/mcc_generated_files/i2c1_driver.o
                  0x001658                  _i2c1_driver_close
                  0x001660                  _i2c1_enableIRQ
                  0x00166a                  _i2c1_IRQisEnabled
                  0x001688                  _i2c1_disableIRQ
                  0x001692                  _i2c1_clearIRQ
                  0x00169c                  _i2c1_setIRQ
                  0x0016a6                  _i2c1_waitForEvent
                  0x0016d6                  _i2c1_driver_driver_open
                  0x0016f6                  _i2c1_driver_initSlaveHardware
                  0x001710                  _i2c1_driver_resetBus
                  0x001716                  _i2c1_driver_start
                  0x00171e                  _i2c1_driver_restart
                  0x001726                  _i2c1_driver_stop
                  0x00172e                  _i2c1_driver_isNACK
                  0x001746                  _i2c1_driver_startRX
                  0x00174e                  _i2c1_driver_getRXData
                  0x001758                  _i2c1_driver_TXData
                  0x001764                  _i2c1_driver_sendACK
                  0x00176e                  _i2c1_driver_sendNACK
                  0x001778                  _i2c1_driver_releaseClock
                  0x001780                  _i2c1_driver_isBuferFull
                  0x00179e                  _i2c1_driver_isStart
                  0x0017b6                  _i2c1_driver_isAddress
                  0x0017cc                  _i2c1_driver_isStop
                  0x0017e4                  _i2c1_driver_isData
                  0x0017fc                  _i2c1_driver_isRead
                  0x001814                  _i2c1_driver_clearBusCollision
                  0x00181c                  _i2c1_driver_enableStartIRQ
                  0x001822                  _i2c1_driver_disableStartIRQ
                  0x001828                  _i2c1_driver_enableStopIRQ
                  0x00182e                  _i2c1_driver_disableStopIRQ
                  0x001834                  _i2c1_driver_setBusCollisionISR
                  0x001840                  _i2c1_driver_setMasterI2cISR
                  0x00184c                  _i2c1_driver_setSlaveI2cISR
 .text            0x001858        0x1f2 build/default/debug/mcc_generated_files/drivers/i2c_simple_master.o
                  0x001858                  build/default/debug/mcc_generated_files/drivers/i2c_simple_master.o:_wr1RegCompleteHandler
                  0x00186e                  _i2c_write1ByteRegister
                  0x0018a2                  _i2c_writeNBytes
                  0x0018ce                  build/default/debug/mcc_generated_files/drivers/i2c_simple_master.o:_rd1RegCompleteHandler
                  0x0018e4                  _i2c_read1ByteRegister
                  0x001936                  build/default/debug/mcc_generated_files/drivers/i2c_simple_master.o:_rd2RegCompleteHandler
                  0x00194c                  _i2c_read2ByteRegister
                  0x001984                  build/default/debug/mcc_generated_files/drivers/i2c_simple_master.o:_wr2RegCompleteHandler
                  0x00199a                  _i2c_write2ByteRegister
                  0x0019ce                  build/default/debug/mcc_generated_files/drivers/i2c_simple_master.o:_rdBlkRegCompleteHandler
                  0x0019e8                  _i2c_readDataBlock
                  0x001a24                  _i2c_readNBytes
 .text            0x001a4a        0x14c build/default/debug/main.o
                  0x001a4a                  _main
                  0x001ad8                  _TMR1_CallBack
                  0x001ade                  _UART1_Receive_CallBack
                  0x001b06                  _TMR3_CallBack
                  0x001b1c                  _TMR2_CallBack
                  0x001b32                  _stepWMotor
                  0x001b56                  _stepLMotor
                  0x001b7a                  _armSystem
                  0x001b88                  _disarmSystem

.dinit            0x001b96         0xf2
 .dinit           0x001b96         0xf2 data_init

.text             0x001c88        0x4f2
 .text            0x001c88         0xb8 build/default/debug/mcc_generated_files/tmr1.o
                  0x001c88                  _TMR1_Initialize
                  0x001cac                  _TMR1_Period16BitSet
                  0x001cbe                  _TMR1_Period16BitGet
                  0x001cc6                  _TMR1_Counter16BitSet
                  0x001cd8                  _TMR1_Counter16BitGet
                  0x001ce6                  _TMR1_SetInterruptHandler
                  0x001cf6                  _TMR1_Start
                  0x001d06                  _TMR1_Stop
                  0x001d10                  _TMR1_GetElapsedThenClear
                  0x001d28                  _TMR1_SoftwareCounterGet
                  0x001d34                  _TMR1_SoftwareCounterClear
 .text            0x001d40         0xb8 build/default/debug/mcc_generated_files/tmr3.o
                  0x001d40                  _TMR3_Initialize
                  0x001d64                  _TMR3_Period16BitSet
                  0x001d76                  _TMR3_Period16BitGet
                  0x001d7e                  _TMR3_Counter16BitSet
                  0x001d90                  _TMR3_Counter16BitGet
                  0x001d9e                  _TMR3_SetInterruptHandler
                  0x001dae                  _TMR3_Start
                  0x001dbe                  _TMR3_Stop
                  0x001dc8                  _TMR3_GetElapsedThenClear
                  0x001de0                  _TMR3_SoftwareCounterGet
                  0x001dec                  _TMR3_SoftwareCounterClear
 .text            0x001df8         0xb6 build/default/debug/mcc_generated_files/tmr2.o
                  0x001df8                  _TMR2_Initialize
                  0x001e1a                  _TMR2_Period16BitSet
                  0x001e2c                  _TMR2_Period16BitGet
                  0x001e34                  _TMR2_Counter16BitSet
                  0x001e46                  _TMR2_Counter16BitGet
                  0x001e54                  _TMR2_SetInterruptHandler
                  0x001e64                  _TMR2_Start
                  0x001e74                  _TMR2_Stop
                  0x001e7e                  _TMR2_GetElapsedThenClear
                  0x001e96                  _TMR2_SoftwareCounterGet
                  0x001ea2                  _TMR2_SoftwareCounterClear
 .text            0x001eae         0xb0 build/default/debug/mcc_generated_files/oc4.o
                  0x001eae                  _OC4_Initialize
                  0x001ec6                  _OC4_CallBack
                  0x001ecc                  _OC4_Tasks
                  0x001ee0                  _OC4_Start
                  0x001efa                  _OC4_Stop
                  0x001f08                  _OC4_SecondaryValueSet
                  0x001f14                  _OC4_PrimaryValueSet
                  0x001f20                  _OC4_IsCompareCycleComplete
                  0x001f38                  _OC4_FaultStatusGet
 .text            0x001f5e         0xae build/default/debug/mcc_generated_files/oc1.o
                  0x001f5e                  _OC1_Initialize
                  0x001f76                  _OC1_CallBack
                  0x001f7c                  _OC1_Tasks
                  0x001f8e                  _OC1_Start
                  0x001fa8                  _OC1_Stop
                  0x001fb6                  _OC1_SecondaryValueSet
                  0x001fc2                  _OC1_PrimaryValueSet
                  0x001fce                  _OC1_IsCompareCycleComplete
                  0x001fe6                  _OC1_FaultStatusGet
 .text            0x00200c         0x7c build/default/debug/mcc_generated_files/examples/uart_example.o
                  0x00200c                  _UART_example_READ
 .text            0x002088         0x56 build/default/debug/mcc_generated_files/interrupt_manager.o
                  0x002088                  _INTERRUPT_Initialize
 .text            0x0020de         0x46 build/default/debug/mcc_generated_files/pin_manager.o
                  0x0020de                  _PIN_MANAGER_Initialize
 .text            0x002124         0x2e build/default/debug/mcc_generated_files/clock.o
                  0x002124                  _CLOCK_Initialize
 .text            0x002152         0x28 build/default/debug/mcc_generated_files/drivers/i2c_types.o
                  0x002152                  _i2c_returnStop
                  0x00215c                  _i2c_returnReset
                  0x002166                  _i2c_restartWrite
                  0x002170                  _i2c_restartRead

.init.delay32     0x00217a         0x1c
 .init.delay32    0x00217a         0x1c c:/program files/microchip/xc16/v2.10/bin/bin/../../lib\libc99-pic30-elf.a(delay32.Meo)
                  0x00217a                  ___delay32

.text             0x002196         0x42
 .text            0x002196         0x1a build/default/debug/mcc_generated_files/traps.o
                  0x002196                  _TRAPS_halt_on_error
 .text            0x0021b0         0x18 build/default/debug/mcc_generated_files/system.o
                  0x0021b0                  _SYSTEM_Initialize
 .text            0x0021c8         0x10 build/default/debug/mcc_generated_files/where_was_i.o
                  0x0021c8                  _where_was_i